
> admin-app@0.1.0 build
> next build

Γû▓ Next.js 16.1.6 (Turbopack)
- Environments: .env

node.exe : ΓÜá The 
"middleware" file 
convention is 
deprecated. Please use 
"proxy" instead. Learn 
more: https://nextjs.or
g/docs/messages/middlew
are-to-proxy
At line:1 char:1
+ & "C:\Program 
Files\nodejs/node.exe" 
"C:\Program 
Files\nodejs/node_mo 
...
+ ~~~~~~~~~~~~~~~~~~~~~
~~~~~~~~~~~~~~~~~~~~~~~
~~~~~~~~~~~~~~~~~~~~~~~
~~
    + CategoryInfo     
         : NotSpecifi  
  ed: (ΓÜá The "midd   
 le...leware-to-pro    
xy:String) [], Rem    
oteException
    + FullyQualifiedEr 
   rorId : NativeComm  
  andError
 
  Creating an optimized production build ...

> Build error occurred
Error: Turbopack build 
failed with 6 errors:
./src/app/dashboard/ref
errals/page.jsx:1:10
Ecmascript file had an 
error
[0m[31m[1m>[22m[39
m[90m 1 |[39m 
[36mimport[39m { 
useState } 
[36mfrom[39m 
[32m'react'[39m
 [90m   |[39m        
  [31m[1m^[22m[39m
[31m[1m^[22m[39m[31
m[1m^[22m[39m[31m[
1m^[22m[39m[31m[1m^
[22m[39m[31m[1m^[2
2m[39m[31m[1m^[22m
[39m[31m[1m^[22m[39
m
 [90m 2 |[39m 
[36mimport[39m { 
useQuery } 
[36mfrom[39m [32m'@t
anstack/react-query'[3
9m
 [90m 3 |[39m 
[36mimport[39m { [33
mCard[39m[33m,[39m 
[33mCardContent[39m 
} [36mfrom[39m [32m'
@/components/ui/card'[
39m
 [90m 4 |[39m 
[36mimport[39m { 
[33mLoader2[39m } 
[36mfrom[39m [32m'lu
cide-react'[39m[0m

You're importing a 
component that needs 
`useState`. This React 
Hook only works in a 
Client Component. To 
fix, mark the file (or 
its parent) with the 
`"use client"` 
directive.

 Learn more: https://ne
xtjs.org/docs/app/api-r
eference/directives/use
-client




./src/app/dashboard/ref
errals/page.jsx:7:10
Ecmascript file had an 
error
[0m [90m  5 |[39m 
[36mimport[39m { 
format } 
[36mfrom[39m 
[32m'date-fns'[39m
 [90m  6 |[39m 
[36mimport[39m { 
[33mInput[39m } 
[36mfrom[39m [32m'@/
components/ui/input'[3
9m
[31m[1m>[22m[39m[9
0m  7 |[39m 
[36mimport[39m { 
format } 
[36mfrom[39m 
[32m'date-fns'[39m
 [90m    |[39m       
   [31m[1m^[22m[39m
[31m[1m^[22m[39m[3
1m[1m^[22m[39m[31m
[1m^[22m[39m[31m[1m
^[22m[39m[31m[1m^[
22m[39m
 [90m  8 |[39m
 [90m  9 |[39m 
[36masync[39m 
[36mfunction[39m 
fetchReferrals() {
 [90m 10 |[39m     
[36mconst[39m res 
[33m=[39m 
[36mawait[39m fetch(
[32m'/api/referrals'[3
9m)[0m

the name `format` is 
defined multiple times


./src/app/dashboard/cer
tificates/page.jsx:11:1
Module not found: 
Can't resolve '@/compon
ents/ui/sonner'
[0m [90m  9 |[39m 
[36mimport[39m { 
[33mInput[39m } 
[36mfrom[39m [32m'@/
components/ui/input'[3
9m
 [90m 10 |[39m 
[36mimport[39m { 
toast } [36mfrom[39m 
[32m'sonner'[39m 
[90m// Assuming 
sonner or similar 
toast[39m
[31m[1m>[22m[39m[9
0m 11 |[39m 
[36mimport[39m { 
[33mToaster[39m } 
[36mfrom[39m [32m"@/
components/ui/sonner"[
39m [90m// Ensure 
this component exists, 
or use simple alert if 
not[39m
 [90m    |[39m [31m
[1m^[22m[39m[31m[1m
^[22m[39m[31m[1m^[
22m[39m[31m[1m^[22m
[39m[31m[1m^[22m[3
9m[31m[1m^[22m[39m
[31m[1m^[22m[39m[31
m[1m^[22m[39m[31m[
1m^[22m[39m[31m[1m^
[22m[39m[31m[1m^[2
2m[39m[31m[1m^[22m
[39m[31m[1m^[22m[39
m[31m[1m^[22m[39m[
31m[1m^[22m[39m[31m
[1m^[22m[39m[31m[1
m^[22m[39m[31m[1m^
[22m[39m[31m[1m^[22
m[39m[31m[1m^[22m[
39m[31m[1m^[22m[39m
[31m[1m^[22m[39m[3
1m[1m^[22m[39m[31m
[1m^[22m[39m[31m[1m
^[22m[39m[31m[1m^[
22m[39m[31m[1m^[22m
[39m[31m[1m^[22m[3
9m[31m[1m^[22m[39m
[31m[1m^[22m[39m[31
m[1m^[22m[39m[31m[
1m^[22m[39m[31m[1m^
[22m[39m[31m[1m^[2
2m[39m[31m[1m^[22m
[39m[31m[1m^[22m[39
m[31m[1m^[22m[39m[
31m[1m^[22m[39m[31m
[1m^[22m[39m[31m[1
m^[22m[39m[31m[1m^
[22m[39m[31m[1m^[22
m[39m[31m[1m^[22m[
39m[31m[1m^[22m[39m
[31m[1m^[22m[39m[3
1m[1m^[22m[39m[31m
[1m^[22m[39m[31m[1m
^[22m[39m
 [90m 12 |[39m
 [90m 13 |[39m 
[36masync[39m 
[36mfunction[39m 
fetchCertificates() {
 [90m 14 |[39m     
[36mconst[39m res 
[33m=[39m 
[36mawait[39m fetch(
[32m'/api/certificates'
[39m)[0m

Import map: aliased to 
relative './src/compone
nts/ui/sonner' inside 
of [project]/


Import traces:
  Client Component 
Browser:
    ./src/app/dashboard
/certificates/page.jsx 
[Client Component 
Browser]
    ./src/app/dashboard
/certificates/page.jsx 
[Server Component]

  Client Component SSR:
    ./src/app/dashboard
/certificates/page.jsx 
[Client Component SSR]
    ./src/app/dashboard
/certificates/page.jsx 
[Server Component]

https://nextjs.org/docs
/messages/module-not-fo
und


./src/app/dashboard/cer
tificates/page.jsx:12:1
Module not found: 
Can't resolve '@/compon
ents/ui/sonner'
[0m [90m 10 |[39m 
[36mimport[39m { 
[33mInput[39m } 
[36mfrom[39m [32m'@/
components/ui/input'[3
9m[33m;[39m
 [90m 11 |[39m 
[36mimport[39m { 
toast } [36mfrom[39m 
[32m'sonner'[39m[33m
;[39m [90m// 
Assuming sonner or 
similar toast[39m
[31m[1m>[22m[39m[9
0m 12 |[39m 
[36mimport[39m { 
[33mToaster[39m } 
[36mfrom[39m [32m"@/
components/ui/sonner"[
39m[33m;[39m [90m// 
Ensure this component 
exists, or use simple 
alert if not[39m
 [90m    |[39m [31m
[1m^[22m[39m[31m[1m
^[22m[39m[31m[1m^[
22m[39m[31m[1m^[22m
[39m[31m[1m^[22m[3
9m[31m[1m^[22m[39m
[31m[1m^[22m[39m[31
m[1m^[22m[39m[31m[
1m^[22m[39m[31m[1m^
[22m[39m[31m[1m^[2
2m[39m[31m[1m^[22m
[39m[31m[1m^[22m[39
m[31m[1m^[22m[39m[
31m[1m^[22m[39m[31m
[1m^[22m[39m[31m[1
m^[22m[39m[31m[1m^
[22m[39m[31m[1m^[22
m[39m[31m[1m^[22m[
39m[31m[1m^[22m[39m
[31m[1m^[22m[39m[3
1m[1m^[22m[39m[31m
[1m^[22m[39m[31m[1m
^[22m[39m[31m[1m^[
22m[39m[31m[1m^[22m
[39m[31m[1m^[22m[3
9m[31m[1m^[22m[39m
[31m[1m^[22m[39m[31
m[1m^[22m[39m[31m[
1m^[22m[39m[31m[1m^
[22m[39m[31m[1m^[2
2m[39m[31m[1m^[22m
[39m[31m[1m^[22m[39
m[31m[1m^[22m[39m[
31m[1m^[22m[39m[31m
[1m^[22m[39m[31m[1
m^[22m[39m[31m[1m^
[22m[39m[31m[1m^[22
m[39m[31m[1m^[22m[
39m[31m[1m^[22m[39m
[31m[1m^[22m[39m[3
1m[1m^[22m[39m[31m
[1m^[22m[39m[31m[1m
^[22m[39m[31m[1m^[
22m[39m
 [90m 13 |[39m
 [90m 14 |[39m 
[36masync[39m 
[36mfunction[39m 
fetchCertificates() {
 [90m 15 |[39m   
[36mconst[39m res 
[33m=[39m 
[36mawait[39m fetch(
[32m'/api/certificates'
[39m)[33m;[39m[0m

Import map: aliased to 
relative './src/compone
nts/ui/sonner' inside 
of [project]/


Import traces:
  Client Component 
Browser:
    ./src/app/dashboard
/certificates/page.jsx 
[Client Component 
Browser]
    ./src/app/dashboard
/certificates/page.jsx 
[Server Component]

  Client Component SSR:
    ./src/app/dashboard
/certificates/page.jsx 
[Client Component SSR]
    ./src/app/dashboard
/certificates/page.jsx 
[Server Component]

https://nextjs.org/docs
/messages/module-not-fo
und


./src/app/dashboard/cer
tificates/page.jsx:10:1
Module not found: 
Can't resolve 'sonner'
[0m [90m  8 |[39m 
[36mimport[39m { 
format } 
[36mfrom[39m 
[32m'date-fns'[39m
 [90m  9 |[39m 
[36mimport[39m { 
[33mInput[39m } 
[36mfrom[39m [32m'@/
components/ui/input'[3
9m
[31m[1m>[22m[39m[9
0m 10 |[39m 
[36mimport[39m { 
toast } [36mfrom[39m 
[32m'sonner'[39m 
[90m// Assuming 
sonner or similar 
toast[39m
 [90m    |[39m [31m
[1m^[22m[39m[31m[1m
^[22m[39m[31m[1m^[
22m[39m[31m[1m^[22m
[39m[31m[1m^[22m[3
9m[31m[1m^[22m[39m
[31m[1m^[22m[39m[31
m[1m^[22m[39m[31m[
1m^[22m[39m[31m[1m^
[22m[39m[31m[1m^[2
2m[39m[31m[1m^[22m
[39m[31m[1m^[22m[39
m[31m[1m^[22m[39m[
31m[1m^[22m[39m[31m
[1m^[22m[39m[31m[1
m^[22m[39m[31m[1m^
[22m[39m[31m[1m^[22
m[39m[31m[1m^[22m[
39m[31m[1m^[22m[39m
[31m[1m^[22m[39m[3
1m[1m^[22m[39m[31m
[1m^[22m[39m[31m[1m
^[22m[39m[31m[1m^[
22m[39m[31m[1m^[22m
[39m[31m[1m^[22m[3
9m[31m[1m^[22m[39m
[31m[1m^[22m[39m
 [90m 11 |[39m 
[36mimport[39m { 
[33mToaster[39m } 
[36mfrom[39m [32m"@/
components/ui/sonner"[
39m [90m// Ensure 
this component exists, 
or use simple alert if 
not[39m
 [90m 12 |[39m
 [90m 13 |[39m 
[36masync[39m 
[36mfunction[39m 
fetchCertificates() 
{[0m



Import traces:
  Client Component 
Browser:
    ./src/app/dashboard
/certificates/page.jsx 
[Client Component 
Browser]
    ./src/app/dashboard
/certificates/page.jsx 
[Server Component]

  Client Component SSR:
    ./src/app/dashboard
/certificates/page.jsx 
[Client Component SSR]
    ./src/app/dashboard
/certificates/page.jsx 
[Server Component]

https://nextjs.org/docs
/messages/module-not-fo
und


./src/app/dashboard/cer
tificates/page.jsx:11:1
Module not found: 
Can't resolve 'sonner'
[0m [90m  9 |[39m 
[36mimport[39m { 
format } 
[36mfrom[39m [32m'da
te-fns'[39m[33m;[39m
 [90m 10 |[39m 
[36mimport[39m { 
[33mInput[39m } 
[36mfrom[39m [32m'@/
components/ui/input'[3
9m[33m;[39m
[31m[1m>[22m[39m[9
0m 11 |[39m 
[36mimport[39m { 
toast } [36mfrom[39m 
[32m'sonner'[39m[33m
;[39m [90m// 
Assuming sonner or 
similar toast[39m
 [90m    |[39m [31m
[1m^[22m[39m[31m[1m
^[22m[39m[31m[1m^[
22m[39m[31m[1m^[22m
[39m[31m[1m^[22m[3
9m[31m[1m^[22m[39m
[31m[1m^[22m[39m[31
m[1m^[22m[39m[31m[
1m^[22m[39m[31m[1m^
[22m[39m[31m[1m^[2
2m[39m[31m[1m^[22m
[39m[31m[1m^[22m[39
m[31m[1m^[22m[39m[
31m[1m^[22m[39m[31m
[1m^[22m[39m[31m[1
m^[22m[39m[31m[1m^
[22m[39m[31m[1m^[22
m[39m[31m[1m^[22m[
39m[31m[1m^[22m[39m
[31m[1m^[22m[39m[3
1m[1m^[22m[39m[31m
[1m^[22m[39m[31m[1m
^[22m[39m[31m[1m^[
22m[39m[31m[1m^[22m
[39m[31m[1m^[22m[3
9m[31m[1m^[22m[39m
[31m[1m^[22m[39m[31
m[1m^[22m[39m
 [90m 12 |[39m 
[36mimport[39m { 
[33mToaster[39m } 
[36mfrom[39m [32m"@/
components/ui/sonner"[
39m[33m;[39m [90m// 
Ensure this component 
exists, or use simple 
alert if not[39m
 [90m 13 |[39m
 [90m 14 |[39m 
[36masync[39m 
[36mfunction[39m 
fetchCertificates() 
{[0m



Import traces:
  Client Component 
Browser:
    ./src/app/dashboard
/certificates/page.jsx 
[Client Component 
Browser]
    ./src/app/dashboard
/certificates/page.jsx 
[Server Component]

  Client Component SSR:
    ./src/app/dashboard
/certificates/page.jsx 
[Client Component SSR]
    ./src/app/dashboard
/certificates/page.jsx 
[Server Component]

https://nextjs.org/docs
/messages/module-not-fo
und


    at <unknown> (./src
/app/dashboard/referral
s/page.jsx:1:10)
    at <unknown> (./src
/app/dashboard/referral
s/page.jsx:7:10)
    at <unknown> (./src
/app/dashboard/certific
ates/page.jsx:11:1)
    at <unknown> (https
://nextjs.org/docs/mess
ages/module-not-found)
    at <unknown> (./src
/app/dashboard/certific
ates/page.jsx:12:1)
    at <unknown> (https
://nextjs.org/docs/mess
ages/module-not-found)
    at <unknown> (./src
/app/dashboard/certific
ates/page.jsx:10:1)
    at <unknown> (https
://nextjs.org/docs/mess
ages/module-not-found)
    at <unknown> (./src
/app/dashboard/certific
ates/page.jsx:11:1)
    at <unknown> (https
://nextjs.org/docs/mess
ages/module-not-found)
